Python 3.6.5 (default, Apr  1 2018, 05:46:30) 
[GCC 7.3.0] on linux
Type "copyright", "credits" or "license()" for more information.
>>> print ('hello world')
hello world
>>> print ('hello rani')
hello rani
>>> #print('hello world')
>>> 
====== RESTART: /home/student/aya20_lab3/meet2018y1lab3/HelloWorld.py. ======
>>> print (lannguage + 'is' + translation)
Traceback (most recent call last):
  File "<pyshell#3>", line 1, in <module>
    print (lannguage + 'is' + translation)
NameError: name 'lannguage' is not defined
>>> print (language + 'is' + translation)
englishishello world
>>> print ( 'the translation of hello world in' +  language +  'is' +  translation)
the translation of hello world inenglishishello world
>>> the translation of hello world inenglishishello world
SyntaxError: invalid syntax
>>> 
====== RESTART: /home/student/aya20_lab3/meet2018y1lab3/HelloWorld.py. ======
>>> print ('the translation of hello world in'  +  new_language  +  'is'  new_translate)
SyntaxError: invalid syntax
>>> print ('the translation of hello world in'  +  new_language  +  'is'  +  new_translation)
the translation of hello world inxhosaismolo lizwe
>>> 
